\BOOKMARK [0][-]{init.0}{\376\377\000F\000r\000o\000n\000t\000\040\000P\000a\000g\000e}{}% 1
\BOOKMARK [0][-]{contents.0}{\376\377\000T\000a\000b\000l\000e\000\040\000o\000f\000\040\000C\000o\000n\000t\000e\000n\000t\000s}{}% 2
\BOOKMARK [0][-]{figures.0}{\376\377\000L\000i\000s\000t\000\040\000o\000f\000\040\000F\000i\000g\000u\000r\000e\000s}{}% 3
\BOOKMARK [0][-]{tables.0}{\376\377\000L\000i\000s\000t\000\040\000o\000f\000\040\000T\000a\000b\000l\000e\000s}{}% 4
\BOOKMARK [0][-]{chapter.1}{\376\377\0001\000\040\000I\000n\000t\000r\000o\000d\000u\000c\000t\000i\000o\000n}{}% 5
\BOOKMARK [1][-]{section.1.1}{\376\377\0001\000.\0001\000\040\000M\000o\000t\000i\000v\000a\000t\000i\000o\000n}{chapter.1}% 6
\BOOKMARK [1][-]{section.1.2}{\376\377\0001\000.\0002\000\040\000R\000e\000s\000e\000a\000r\000c\000h\000\040\000G\000o\000a\000l\000s\000\040\000a\000n\000d\000\040\000Q\000u\000e\000s\000t\000i\000o\000n\000s}{chapter.1}% 7
\BOOKMARK [1][-]{section.1.3}{\376\377\0001\000.\0003\000\040\000S\000c\000o\000p\000e\000\040\000a\000n\000d\000\040\000D\000e\000l\000i\000m\000i\000t\000a\000t\000i\000o\000n\000s}{chapter.1}% 8
\BOOKMARK [1][-]{section.1.4}{\376\377\0001\000.\0004\000\040\000T\000h\000e\000s\000i\000s\000\040\000S\000t\000r\000u\000c\000t\000u\000r\000e}{chapter.1}% 9
\BOOKMARK [0][-]{chapter.2}{\376\377\0002\000\040\000L\000i\000t\000e\000r\000a\000t\000u\000r\000e\000\040\000R\000e\000v\000i\000e\000w}{}% 10
\BOOKMARK [1][-]{section.2.1}{\376\377\0002\000.\0001\000\040\000R\000e\000g\000i\000o\000n\000a\000l\000\040\000W\000i\000n\000e\000\040\000P\000r\000o\000d\000u\000c\000t\000i\000o\000n\000\040\000i\000n\000\040\000P\000o\000r\000t\000u\000g\000a\000l}{chapter.2}% 11
\BOOKMARK [2][-]{subsection.2.1.1}{\376\377\0002\000.\0001\000.\0001\000\040\000D\000o\000u\000r\000o\000\040\000R\000e\000g\000i\000o\000n}{section.2.1}% 12
\BOOKMARK [2][-]{subsection.2.1.2}{\376\377\0002\000.\0001\000.\0002\000\040\000V\000i\000n\000h\000o\000\040\000V\000e\000r\000d\000e\000\040\000R\000e\000g\000i\000o\000n}{section.2.1}% 13
\BOOKMARK [1][-]{section.2.2}{\376\377\0002\000.\0002\000\040\000G\000r\000a\000p\000e\000v\000i\000n\000e\000\040\000Y\000i\000e\000l\000d\000\040\000F\000o\000r\000m\000a\000t\000i\000o\000n}{chapter.2}% 14
\BOOKMARK [2][-]{subsection.2.2.1}{\376\377\0002\000.\0002\000.\0001\000\040\000T\000h\000e\000\040\000T\000w\000o\000-\000Y\000e\000a\000r\000\040\000V\000i\000n\000e\000\040\000D\000e\000v\000e\000l\000o\000p\000m\000e\000n\000t\000\040\000C\000y\000c\000l\000e}{section.2.2}% 15
\BOOKMARK [1][-]{section.2.3}{\376\377\0002\000.\0003\000\040\000M\000e\000t\000e\000o\000r\000o\000l\000o\000g\000i\000c\000a\000l\000\040\000D\000r\000i\000v\000e\000r\000s\000\040\000o\000f\000\040\000W\000i\000n\000e\000\040\000P\000r\000o\000d\000u\000c\000t\000i\000o\000n\000\040\000V\000a\000r\000i\000a\000b\000i\000l\000i\000t\000y}{chapter.2}% 16
\BOOKMARK [1][-]{section.2.4}{\376\377\0002\000.\0004\000\040\000Q\000u\000a\000n\000t\000i\000t\000a\000t\000i\000v\000e\000\040\000A\000p\000p\000r\000o\000a\000c\000h\000e\000s\000\040\000t\000o\000\040\000W\000i\000n\000e\000\040\000Y\000i\000e\000l\000d\000\040\000P\000r\000e\000d\000i\000c\000t\000i\000o\000n}{chapter.2}% 17
\BOOKMARK [2][-]{subsection.2.4.1}{\376\377\0002\000.\0004\000.\0001\000\040\000S\000t\000a\000t\000i\000s\000t\000i\000c\000a\000l\000\040\000a\000n\000d\000\040\000R\000e\000g\000r\000e\000s\000s\000i\000o\000n\000\040\000M\000o\000d\000e\000l\000s}{section.2.4}% 18
\BOOKMARK [2][-]{subsection.2.4.2}{\376\377\0002\000.\0004\000.\0002\000\040\000M\000a\000c\000h\000i\000n\000e\000\040\000L\000e\000a\000r\000n\000i\000n\000g\000\040\000A\000p\000p\000r\000o\000a\000c\000h\000e\000s}{section.2.4}% 19
\BOOKMARK [1][-]{section.2.5}{\376\377\0002\000.\0005\000\040\000S\000u\000b\000g\000r\000o\000u\000p\000\040\000D\000i\000s\000c\000o\000v\000e\000r\000y}{chapter.2}% 20
\BOOKMARK [1][-]{section.2.6}{\376\377\0002\000.\0006\000\040\000D\000i\000s\000t\000r\000i\000b\000u\000t\000i\000o\000n\000\040\000R\000u\000l\000e\000s\000\040\000a\000n\000d\000\040\000t\000h\000e\000\040\000C\000a\000r\000e\000n\000R\000\040\000F\000r\000a\000m\000e\000w\000o\000r\000k}{chapter.2}% 21
\BOOKMARK [2][-]{subsection.2.6.1}{\376\377\0002\000.\0006\000.\0001\000\040\000D\000i\000s\000t\000r\000i\000b\000u\000t\000i\000o\000n\000\040\000R\000u\000l\000e\000s}{section.2.6}% 22
\BOOKMARK [2][-]{subsection.2.6.2}{\376\377\0002\000.\0006\000.\0002\000\040\000T\000h\000e\000\040\000C\000a\000r\000e\000n\000R\000\040\000F\000r\000a\000m\000e\000w\000o\000r\000k}{section.2.6}% 23
\BOOKMARK [1][-]{section.2.7}{\376\377\0002\000.\0007\000\040\000P\000o\000s\000i\000t\000i\000o\000n\000i\000n\000g\000\040\000a\000n\000d\000\040\000R\000e\000s\000e\000a\000r\000c\000h\000\040\000G\000a\000p}{chapter.2}% 24
\BOOKMARK [1][-]{section.2.8}{\376\377\0002\000.\0008\000\040\000P\000o\000r\000t\000u\000g\000u\000e\000s\000e\000\040\000V\000i\000t\000i\000c\000u\000l\000t\000u\000r\000e\000\040\000I\000n\000d\000u\000s\000t\000r\000y\000\040\000S\000t\000r\000u\000c\000t\000u\000r\000e\000\040\000a\000n\000d\000\040\000P\000o\000l\000i\000c\000y}{chapter.2}% 25
\BOOKMARK [2][-]{subsection.2.8.1}{\376\377\0002\000.\0008\000.\0001\000\040\000D\000o\000u\000r\000o\000\040\000R\000e\000g\000i\000o\000n\000:\000\040\000R\000e\000g\000u\000l\000a\000t\000o\000r\000y\000\040\000a\000n\000d\000\040\000M\000a\000r\000k\000e\000t\000\040\000D\000r\000i\000v\000e\000r\000s}{section.2.8}% 26
\BOOKMARK [2][-]{subsection.2.8.2}{\376\377\0002\000.\0008\000.\0002\000\040\000V\000i\000n\000h\000o\000\040\000V\000e\000r\000d\000e\000\040\000R\000e\000g\000i\000o\000n\000:\000\040\000E\000U\000\040\000P\000o\000l\000i\000c\000y\000\040\000a\000n\000d\000\040\000S\000t\000r\000u\000c\000t\000u\000r\000a\000l\000\040\000T\000r\000a\000n\000s\000f\000o\000r\000m\000a\000t\000i\000o\000n}{section.2.8}% 27
\BOOKMARK [1][-]{section.2.9}{\376\377\0002\000.\0009\000\040\000T\000i\000m\000e\000\040\000S\000e\000r\000i\000e\000s\000\040\000P\000r\000o\000p\000e\000r\000t\000i\000e\000s\000\040\000a\000n\000d\000\040\000E\000v\000a\000l\000u\000a\000t\000i\000o\000n\000\040\000M\000e\000t\000h\000o\000d\000o\000l\000o\000g\000y}{chapter.2}% 28
\BOOKMARK [2][-]{subsection.2.9.1}{\376\377\0002\000.\0009\000.\0001\000\040\000N\000o\000n\000-\000S\000t\000a\000t\000i\000o\000n\000a\000r\000i\000t\000y\000\040\000a\000n\000d\000\040\000S\000t\000r\000u\000c\000t\000u\000r\000a\000l\000\040\000B\000r\000e\000a\000k\000s}{section.2.9}% 29
\BOOKMARK [2][-]{subsection.2.9.2}{\376\377\0002\000.\0009\000.\0002\000\040\000W\000h\000y\000\040\000R\000a\000n\000d\000o\000m\000\040\000C\000r\000o\000s\000s\000-\000V\000a\000l\000i\000d\000a\000t\000i\000o\000n\000\040\000I\000s\000\040\000I\000n\000v\000a\000l\000i\000d\000\040\000f\000o\000r\000\040\000T\000i\000m\000e\000\040\000S\000e\000r\000i\000e\000s}{section.2.9}% 30
\BOOKMARK [2][-]{subsection.2.9.3}{\376\377\0002\000.\0009\000.\0003\000\040\000T\000h\000e\000\040\000N\000a\000i\000v\000e\000\040\000B\000a\000s\000e\000l\000i\000n\000e\000\040\000a\000n\000d\000\040\000W\000h\000a\000t\000\040\000I\000t\000\040\000M\000e\000a\000s\000u\000r\000e\000s}{section.2.9}% 31
\BOOKMARK [0][-]{chapter.3}{\376\377\0003\000\040\000D\000a\000t\000a\000\040\000a\000n\000d\000\040\000M\000e\000t\000h\000o\000d\000o\000l\000o\000g\000y}{}% 32
\BOOKMARK [1][-]{section.3.1}{\376\377\0003\000.\0001\000\040\000S\000t\000u\000d\000y\000\040\000R\000e\000g\000i\000o\000n\000s\000\040\000a\000n\000d\000\040\000D\000a\000t\000a}{chapter.3}% 33
\BOOKMARK [1][-]{section.3.2}{\376\377\0003\000.\0002\000\040\000F\000e\000a\000t\000u\000r\000e\000\040\000E\000n\000g\000i\000n\000e\000e\000r\000i\000n\000g}{chapter.3}% 34
\BOOKMARK [2][-]{subsection.3.2.1}{\376\377\0003\000.\0002\000.\0001\000\040\000A\000u\000t\000o\000c\000o\000r\000r\000e\000l\000a\000t\000i\000o\000n\000\040\000S\000t\000r\000u\000c\000t\000u\000r\000e\000\040\000o\000f\000\040\000t\000h\000e\000\040\000R\000e\000s\000i\000d\000u\000a\000l\000s}{section.3.2}% 35
\BOOKMARK [1][-]{section.3.3}{\376\377\0003\000.\0003\000\040\000D\000e\000t\000r\000e\000n\000d\000i\000n\000g\000\040\000a\000n\000d\000\040\000t\000h\000e\000\040\000T\000w\000o\000-\000D\000e\000c\000i\000s\000i\000o\000n\000\040\000D\000e\000c\000o\000m\000p\000o\000s\000i\000t\000i\000o\000n}{chapter.3}% 36
\BOOKMARK [1][-]{section.3.4}{\376\377\0003\000.\0004\000\040\000R\000u\000l\000e\000-\000L\000e\000a\000r\000n\000i\000n\000g\000\040\000A\000l\000g\000o\000r\000i\000t\000h\000m\000s}{chapter.3}% 37
\BOOKMARK [2][-]{subsection.3.4.1}{\376\377\0003\000.\0004\000.\0001\000\040\000C\000a\000r\000e\000n\000R\000:\000\040\000D\000i\000s\000t\000r\000i\000b\000u\000t\000i\000o\000n\000\040\000R\000u\000l\000e\000s\000\040\000v\000i\000a\000\040\000t\000h\000e\000\040\000C\000A\000R\000E\000N\000\040\000F\000r\000a\000m\000e\000w\000o\000r\000k}{section.3.4}% 38
\BOOKMARK [2][-]{subsection.3.4.2}{\376\377\0003\000.\0004\000.\0002\000\040\000R\000I\000P\000P\000E\000R\000:\000\040\000R\000e\000p\000e\000a\000t\000e\000d\000\040\000I\000n\000c\000r\000e\000m\000e\000n\000t\000a\000l\000\040\000P\000r\000u\000n\000i\000n\000g\000\040\000t\000o\000\040\000P\000r\000o\000d\000u\000c\000e\000\040\000E\000r\000r\000o\000r\000\040\000R\000e\000d\000u\000c\000t\000i\000o\000n}{section.3.4}% 39
\BOOKMARK [2][-]{subsection.3.4.3}{\376\377\0003\000.\0004\000.\0003\000\040\000M\0005\000R\000u\000l\000e\000s\000:\000\040\000R\000u\000l\000e\000\040\000I\000n\000d\000u\000c\000t\000i\000o\000n\000\040\000w\000i\000t\000h\000\040\000L\000i\000n\000e\000a\000r\000\040\000R\000e\000g\000r\000e\000s\000s\000i\000o\000n\000\040\000C\000o\000n\000s\000e\000q\000u\000e\000n\000t\000s}{section.3.4}% 40
\BOOKMARK [1][-]{section.3.5}{\376\377\0003\000.\0005\000\040\000W\000a\000l\000k\000-\000F\000o\000r\000w\000a\000r\000d\000\040\000V\000a\000l\000i\000d\000a\000t\000i\000o\000n\000\040\000P\000r\000o\000t\000o\000c\000o\000l}{chapter.3}% 41
\BOOKMARK [1][-]{section.3.6}{\376\377\0003\000.\0006\000\040\000B\000a\000s\000e\000l\000i\000n\000e\000\040\000M\000o\000d\000e\000l\000s}{chapter.3}% 42
\BOOKMARK [1][-]{section.3.7}{\376\377\0003\000.\0007\000\040\000E\000v\000a\000l\000u\000a\000t\000i\000o\000n\000\040\000M\000e\000t\000r\000i\000c}{chapter.3}% 43
\BOOKMARK [1][-]{section.3.8}{\376\377\0003\000.\0008\000\040\000S\000o\000f\000t\000w\000a\000r\000e\000\040\000a\000n\000d\000\040\000R\000e\000p\000r\000o\000d\000u\000c\000i\000b\000i\000l\000i\000t\000y}{chapter.3}% 44
\BOOKMARK [2][-]{subsection.3.8.1}{\376\377\0003\000.\0008\000.\0001\000\040\000P\000r\000e\000d\000i\000c\000t\000i\000o\000n\000\040\000A\000g\000g\000r\000e\000g\000a\000t\000i\000o\000n\000:\000\040\000C\000o\000m\000b\000i\000n\000i\000n\000g\000\040\000M\000u\000l\000t\000i\000p\000l\000e\000\040\000F\000i\000r\000i\000n\000g\000\040\000R\000u\000l\000e\000s}{section.3.8}% 45
\BOOKMARK [1][-]{section.3.9}{\376\377\0003\000.\0009\000\040\000F\000o\000r\000m\000a\000l\000\040\000S\000t\000a\000t\000i\000o\000n\000a\000r\000i\000t\000y\000\040\000T\000e\000s\000t\000i\000n\000g}{chapter.3}% 46
\BOOKMARK [1][-]{section.3.10}{\376\377\0003\000.\0001\0000\000\040\000D\000a\000t\000a\000\040\000S\000o\000u\000r\000c\000e\000s}{chapter.3}% 47
\BOOKMARK [2][-]{subsection.3.10.1}{\376\377\0003\000.\0001\0000\000.\0001\000\040\000M\000e\000t\000e\000o\000r\000o\000l\000o\000g\000i\000c\000a\000l\000\040\000D\000a\000t\000a}{section.3.10}% 48
\BOOKMARK [2][-]{subsection.3.10.2}{\376\377\0003\000.\0001\0000\000.\0002\000\040\000P\000h\000e\000n\000o\000l\000o\000g\000y\000\040\000a\000n\000d\000\040\000P\000r\000o\000d\000u\000c\000t\000i\000o\000n\000\040\000D\000a\000t\000a}{section.3.10}% 49
\BOOKMARK [1][-]{section.3.11}{\376\377\0003\000.\0001\0001\000\040\000F\000e\000a\000t\000u\000r\000e\000\040\000E\000n\000g\000i\000n\000e\000e\000r\000i\000n\000g\000:\000\040\000F\000r\000o\000m\000\040\000D\000a\000i\000l\000y\000\040\000R\000e\000c\000o\000r\000d\000s\000\040\000t\000o\000\040\000A\000n\000n\000u\000a\000l\000\040\000F\000e\000a\000t\000u\000r\000e\000s}{chapter.3}% 50
\BOOKMARK [2][-]{subsection.3.11.1}{\376\377\0003\000.\0001\0001\000.\0001\000\040\000F\000e\000a\000t\000u\000r\000e\000\040\000N\000a\000m\000i\000n\000g\000\040\000C\000o\000n\000v\000e\000n\000t\000i\000o\000n}{section.3.11}% 51
\BOOKMARK [2][-]{subsection.3.11.2}{\376\377\0003\000.\0001\0001\000.\0002\000\040\000F\000e\000a\000t\000u\000r\000e\000\040\000G\000r\000o\000u\000p\000s\000\040\000a\000n\000d\000\040\000C\000o\000u\000n\000t\000s}{section.3.11}% 52
\BOOKMARK [2][-]{subsection.3.11.3}{\376\377\0003\000.\0001\0001\000.\0003\000\040\000C\000u\000r\000r\000e\000n\000t\000-\000Y\000e\000a\000r\000\040\000v\000s\000\040\000P\000r\000e\000v\000i\000o\000u\000s\000-\000Y\000e\000a\000r\000\040\000F\000e\000a\000t\000u\000r\000e\000s}{section.3.11}% 53
\BOOKMARK [2][-]{subsection.3.11.4}{\376\377\0003\000.\0001\0001\000.\0004\000\040\000F\000e\000a\000t\000u\000r\000e\000\040\000D\000i\000s\000c\000r\000e\000t\000i\000s\000a\000t\000i\000o\000n\000\040\000f\000o\000r\000\040\000C\000a\000r\000e\000n\000R}{section.3.11}% 54
\BOOKMARK [1][-]{section.3.12}{\376\377\0003\000.\0001\0002\000\040\000D\000a\000t\000a\000\040\000P\000i\000p\000e\000l\000i\000n\000e\000\040\000S\000u\000m\000m\000a\000r\000y}{chapter.3}% 55
\BOOKMARK [0][-]{chapter.4}{\376\377\0004\000\040\000R\000u\000l\000e\000\040\000D\000i\000s\000c\000o\000v\000e\000r\000y\000\040\000R\000e\000s\000u\000l\000t\000s\000\040\000\050\000G\000o\000a\000l\000\040\0001\000\051}{}% 56
\BOOKMARK [1][-]{section.4.1}{\376\377\0004\000.\0001\000\040\000C\000a\000r\000e\000n\000R\000:\000\040\000D\000i\000s\000t\000r\000i\000b\000u\000t\000i\000o\000n\000a\000l\000\040\000R\000u\000l\000e\000s}{chapter.4}% 57
\BOOKMARK [2][-]{subsection.4.1.1}{\376\377\0004\000.\0001\000.\0001\000\040\000D\000o\000u\000r\000o\000\040\000\050\000R\000D\000D\000\051\000:\000\040\000T\000o\000p\000\040\0005\000\040\000R\000u\000l\000e\000s}{section.4.1}% 58
\BOOKMARK [2][-]{subsection.4.1.2}{\376\377\0004\000.\0001\000.\0002\000\040\000V\000i\000n\000h\000o\000\040\000V\000e\000r\000d\000e\000\040\000\050\000R\000V\000V\000\051\000:\000\040\000T\000o\000p\000\040\0005\000\040\000R\000u\000l\000e\000s}{section.4.1}% 59
\BOOKMARK [2][-]{subsection.4.1.3}{\376\377\0004\000.\0001\000.\0003\000\040\000T\000h\000e\000\040\000D\000i\000r\000e\000c\000t\000i\000o\000n\000a\000l\000\040\000I\000n\000v\000e\000r\000s\000i\000o\000n\000:\000\040\000A\000\040\000M\000e\000t\000h\000o\000d\000\040\000V\000a\000l\000i\000d\000a\000t\000i\000o\000n\000\040\000P\000o\000i\000n\000t}{section.4.1}% 60
\BOOKMARK [1][-]{section.4.2}{\376\377\0004\000.\0002\000\040\000L\000O\000E\000S\000S\000\040\000V\000a\000l\000i\000d\000a\000t\000i\000o\000n\000:\000\040\000D\000i\000s\000t\000i\000n\000g\000u\000i\000s\000h\000i\000n\000g\000\040\000S\000i\000g\000n\000a\000l\000\040\000f\000r\000o\000m\000\040\000E\000r\000a\000\040\000A\000r\000t\000e\000f\000a\000c\000t}{chapter.4}% 61
\BOOKMARK [1][-]{section.4.3}{\376\377\0004\000.\0003\000\040\000R\000I\000P\000P\000E\000R\000\040\000C\000l\000a\000s\000s\000i\000f\000i\000c\000a\000t\000i\000o\000n\000\040\000R\000u\000l\000e\000s}{chapter.4}% 62
\BOOKMARK [1][-]{section.4.4}{\376\377\0004\000.\0004\000\040\000M\0005\000R\000u\000l\000e\000s\000:\000\040\000P\000i\000e\000c\000e\000w\000i\000s\000e\000\040\000L\000i\000n\000e\000a\000r\000\040\000M\000o\000d\000e\000l\000s\000\040\000a\000n\000d\000\040\000C\000o\000e\000f\000f\000i\000c\000i\000e\000n\000t\000\040\000I\000n\000t\000e\000r\000p\000r\000e\000t\000a\000t\000i\000o\000n}{chapter.4}% 63
\BOOKMARK [1][-]{section.4.5}{\376\377\0004\000.\0005\000\040\000C\000r\000o\000s\000s\000-\000A\000l\000g\000o\000r\000i\000t\000h\000m\000\040\000F\000e\000a\000t\000u\000r\000e\000\040\000A\000g\000r\000e\000e\000m\000e\000n\000t}{chapter.4}% 64
\BOOKMARK [1][-]{section.4.6}{\376\377\0004\000.\0006\000\040\000F\000e\000a\000t\000u\000r\000e\000\040\000F\000r\000e\000q\000u\000e\000n\000c\000y\000\040\000A\000n\000a\000l\000y\000s\000i\000s\000:\000\040\000W\000h\000a\000t\000\040\000C\000a\000r\000e\000n\000R\000\040\000S\000e\000l\000e\000c\000t\000s\000\040\000M\000o\000s\000t\000\040\000O\000f\000t\000e\000n}{chapter.4}% 65
\BOOKMARK [2][-]{subsection.4.6.1}{\376\377\0004\000.\0006\000.\0001\000\040\000D\000o\000u\000r\000o\000\040\000\050\000R\000D\000D\000\051\000:\000\040\000F\000e\000a\000t\000u\000r\000e\000\040\000F\000r\000e\000q\000u\000e\000n\000c\000y}{section.4.6}% 66
\BOOKMARK [2][-]{subsection.4.6.2}{\376\377\0004\000.\0006\000.\0002\000\040\000V\000i\000n\000h\000o\000\040\000V\000e\000r\000d\000e\000\040\000\050\000R\000V\000V\000\051\000:\000\040\000F\000e\000a\000t\000u\000r\000e\000\040\000F\000r\000e\000q\000u\000e\000n\000c\000y}{section.4.6}% 67
\BOOKMARK [1][-]{section.4.7}{\376\377\0004\000.\0007\000\040\000R\000u\000l\000e\000\040\000S\000e\000t\000\040\000O\000v\000e\000r\000l\000a\000p\000\040\000a\000n\000d\000\040\000I\000n\000t\000e\000r\000n\000a\000l\000\040\000C\000o\000h\000e\000r\000e\000n\000c\000e}{chapter.4}% 68
\BOOKMARK [2][-]{subsection.4.7.1}{\376\377\0004\000.\0007\000.\0001\000\040\000P\000a\000i\000r\000w\000i\000s\000e\000\040\000F\000e\000a\000t\000u\000r\000e\000\040\000O\000v\000e\000r\000l\000a\000p}{section.4.7}% 69
\BOOKMARK [2][-]{subsection.4.7.2}{\376\377\0004\000.\0007\000.\0002\000\040\000U\000n\000i\000q\000u\000e\000\040\000v\000s\000\040\000R\000e\000d\000u\000n\000d\000a\000n\000t\000\040\000R\000u\000l\000e\000s}{section.4.7}% 70
\BOOKMARK [1][-]{section.4.8}{\376\377\0004\000.\0008\000\040\000S\000u\000m\000m\000a\000r\000y\000:\000\040\000R\000u\000l\000e\000\040\000D\000i\000s\000c\000o\000v\000e\000r\000y\000\040\000A\000s\000s\000e\000s\000s\000m\000e\000n\000t\000\040\000\050\000G\000o\000a\000l\000\040\0001\000\051}{chapter.4}% 71
\BOOKMARK [0][-]{chapter.5}{\376\377\0005\000\040\000P\000r\000e\000d\000i\000c\000t\000i\000v\000e\000\040\000V\000a\000l\000i\000d\000a\000t\000i\000o\000n\000\040\000\050\000G\000o\000a\000l\000\040\0002\000\051}{}% 72
\BOOKMARK [1][-]{section.5.1}{\376\377\0005\000.\0001\000\040\000A\000g\000g\000r\000e\000g\000a\000t\000e\000\040\000W\000a\000l\000k\000-\000F\000o\000r\000w\000a\000r\000d\000\040\000R\000e\000s\000u\000l\000t\000s}{chapter.5}% 73
\BOOKMARK [2][-]{subsection.5.1.1}{\376\377\0005\000.\0001\000.\0001\000\040\000D\000o\000u\000r\000o\000\040\000\050\000R\000D\000D\000\051}{section.5.1}% 74
\BOOKMARK [2][-]{subsection.5.1.2}{\376\377\0005\000.\0001\000.\0002\000\040\000V\000i\000n\000h\000o\000\040\000V\000e\000r\000d\000e\000\040\000\050\000R\000V\000V\000\051}{section.5.1}% 75
\BOOKMARK [1][-]{section.5.2}{\376\377\0005\000.\0002\000\040\000E\000r\000a\000\040\000C\000o\000m\000p\000o\000s\000i\000t\000i\000o\000n\000\040\000a\000n\000d\000\040\000P\000e\000r\000-\000S\000c\000e\000n\000a\000r\000i\000o\000\040\000A\000n\000a\000l\000y\000s\000i\000s\000\040\000\050\000R\000D\000D\000\051}{chapter.5}% 76
\BOOKMARK [1][-]{section.5.3}{\376\377\0005\000.\0003\000\040\000E\000r\000a\000\040\000C\000o\000m\000p\000o\000s\000i\000t\000i\000o\000n\000\040\000a\000n\000d\000\040\000P\000e\000r\000-\000S\000c\000e\000n\000a\000r\000i\000o\000\040\000A\000n\000a\000l\000y\000s\000i\000s\000\040\000\050\000R\000V\000V\000\051}{chapter.5}% 77
\BOOKMARK [1][-]{section.5.4}{\376\377\0005\000.\0004\000\040\000S\000t\000a\000t\000i\000s\000t\000i\000c\000a\000l\000\040\000T\000e\000s\000t\000s}{chapter.5}% 78
\BOOKMARK [1][-]{section.5.5}{\376\377\0005\000.\0005\000\040\000D\000e\000t\000r\000e\000n\000d\000\040\000S\000e\000n\000s\000i\000t\000i\000v\000i\000t\000y\000\040\000A\000n\000a\000l\000y\000s\000i\000s\000\040\000\050\000L\000O\000E\000S\000S\000\051}{chapter.5}% 79
\BOOKMARK [1][-]{section.5.6}{\376\377\0005\000.\0006\000\040\000N\000e\000g\000a\000t\000i\000v\000e\000\040\000R\000e\000s\000u\000l\000t\000s\000:\000\040\000S\000u\000p\000e\000r\000v\000i\000s\000e\000d\000\040\000D\000i\000s\000c\000r\000e\000t\000i\000s\000a\000t\000i\000o\000n}{chapter.5}% 80
\BOOKMARK [1][-]{section.5.7}{\376\377\0005\000.\0007\000\040\000S\000u\000m\000m\000a\000r\000y\000:\000\040\000P\000r\000e\000d\000i\000c\000t\000i\000v\000e\000\040\000V\000a\000l\000i\000d\000a\000t\000i\000o\000n\000\040\000A\000s\000s\000e\000s\000s\000m\000e\000n\000t\000\040\000\050\000G\000o\000a\000l\000\040\0002\000\051}{chapter.5}% 81
\BOOKMARK [1][-]{section.5.8}{\376\377\0005\000.\0008\000\040\000P\000e\000r\000-\000S\000c\000e\000n\000a\000r\000i\000o\000\040\000M\000A\000E\000:\000\040\000D\000o\000u\000r\000o\000\040\000\050\000R\000D\000D\000\051}{chapter.5}% 82
\BOOKMARK [1][-]{section.5.9}{\376\377\0005\000.\0009\000\040\000P\000e\000r\000-\000S\000c\000e\000n\000a\000r\000i\000o\000\040\000M\000A\000E\000:\000\040\000V\000i\000n\000h\000o\000\040\000V\000e\000r\000d\000e\000\040\000\050\000R\000V\000V\000\051}{chapter.5}% 83
\BOOKMARK [1][-]{section.5.10}{\376\377\0005\000.\0001\0000\000\040\000F\000e\000a\000t\000u\000r\000e\000\040\000S\000e\000l\000e\000c\000t\000o\000r\000\040\000C\000o\000m\000p\000a\000r\000i\000s\000o\000n\000:\000\040\000W\000h\000y\000\040\000E\000t\000a\0002\000\040\000W\000i\000n\000s\000\040\000i\000n\000\040\000R\000D\000D\000\040\000a\000n\000d\000\040\000S\000u\000p\000\137\000F\000S\000\040\000i\000n\000\040\000R\000V\000V}{chapter.5}% 84
\BOOKMARK [1][-]{section.5.11}{\376\377\0005\000.\0001\0001\000\040\000W\000h\000a\000t\000\040\000H\000a\000p\000p\000e\000n\000e\000d\000\040\000i\000n\000\040\000t\000h\000e\000\040\000E\000r\000a\000-\000B\000a\000l\000a\000n\000c\000e\000d\000\040\000W\000i\000n\000n\000i\000n\000g\000\040\000Y\000e\000a\000r\000s\000?}{chapter.5}% 85
\BOOKMARK [1][-]{section.5.12}{\376\377\0005\000.\0001\0002\000\040\000T\000h\000e\000\040\000F\000a\000l\000l\000b\000a\000c\000k\000\040\000M\000e\000c\000h\000a\000n\000i\000s\000m\000:\000\040\000W\000h\000e\000n\000\040\000C\000a\000r\000e\000n\000R\000\040\000S\000a\000y\000s\000\040\000`\000`\000I\000\040\000D\000o\000n\000'\000t\000\040\000K\000n\000o\000w\000'\000'}{chapter.5}% 86
\BOOKMARK [0][-]{chapter.6}{\376\377\0006\000\040\000D\000i\000s\000c\000u\000s\000s\000i\000o\000n}{}% 87
\BOOKMARK [1][-]{section.6.1}{\376\377\0006\000.\0001\000\040\000T\000h\000e\000\040\000A\000s\000y\000m\000m\000e\000t\000r\000y\000\040\000B\000e\000t\000w\000e\000e\000n\000\040\000D\000i\000s\000c\000o\000v\000e\000r\000y\000\040\000a\000n\000d\000\040\000P\000r\000e\000d\000i\000c\000t\000i\000o\000n}{chapter.6}% 88
\BOOKMARK [1][-]{section.6.2}{\376\377\0006\000.\0002\000\040\000T\000h\000e\000\040\000T\000w\000o\000-\000D\000e\000c\000i\000s\000i\000o\000n\000\040\000T\000r\000a\000d\000e\000-\000o\000f\000f}{chapter.6}% 89
\BOOKMARK [1][-]{section.6.3}{\376\377\0006\000.\0003\000\040\000W\000h\000y\000\040\000t\000h\000e\000\040\000T\000w\000o\000\040\000R\000e\000g\000i\000o\000n\000s\000\040\000D\000i\000v\000e\000r\000g\000e}{chapter.6}% 90
\BOOKMARK [1][-]{section.6.4}{\376\377\0006\000.\0004\000\040\000W\000h\000y\000\040\000t\000h\000e\000\040\000W\000a\000l\000k\000-\000F\000o\000r\000w\000a\000r\000d\000\040\000M\000e\000t\000r\000i\000c\000\040\000P\000e\000n\000a\000l\000i\000s\000e\000s\000\040\000C\000a\000r\000e\000n\000R}{chapter.6}% 91
\BOOKMARK [1][-]{section.6.5}{\376\377\0006\000.\0005\000\040\000S\000t\000r\000u\000c\000t\000u\000r\000a\000l\000\040\000C\000o\000v\000a\000r\000i\000a\000t\000e\000s\000\040\000a\000s\000\040\000a\000\040\000P\000a\000t\000h\000\040\000F\000o\000r\000w\000a\000r\000d}{chapter.6}% 92
\BOOKMARK [1][-]{section.6.6}{\376\377\0006\000.\0006\000\040\000R\000e\000l\000a\000t\000i\000o\000n\000\040\000t\000o\000\040\000P\000r\000i\000o\000r\000\040\000W\000o\000r\000k}{chapter.6}% 93
\BOOKMARK [1][-]{section.6.7}{\376\377\0006\000.\0007\000\040\000E\000x\000p\000e\000r\000i\000m\000e\000n\000t\000a\000l\000\040\000D\000e\000s\000i\000g\000n\000\040\000D\000e\000c\000i\000s\000i\000o\000n\000s\000\040\000a\000n\000d\000\040\000M\000e\000t\000h\000o\000d\000o\000l\000o\000g\000i\000c\000a\000l\000\040\000E\000v\000o\000l\000u\000t\000i\000o\000n}{chapter.6}% 94
\BOOKMARK [2][-]{subsection.6.7.1}{\376\377\0006\000.\0007\000.\0001\000\040\000T\000h\000e\000\040\000U\000p\000t\000r\000e\000n\000d\000\040\000P\000r\000o\000b\000l\000e\000m\000\040\000a\000n\000d\000\040\000t\000h\000e\000\040\000D\000e\000c\000i\000s\000i\000o\000n\000\040\000t\000o\000\040\000D\000e\000t\000r\000e\000n\000d}{section.6.7}% 95
\BOOKMARK [2][-]{subsection.6.7.2}{\376\377\0006\000.\0007\000.\0002\000\040\000L\000O\000E\000S\000S\000\040\000D\000e\000t\000r\000e\000n\000d\000i\000n\000g\000:\000\040\000A\000\040\000P\000r\000o\000m\000i\000s\000i\000n\000g\000\040\000I\000d\000e\000a\000\040\000T\000h\000a\000t\000\040\000K\000i\000l\000l\000e\000d\000\040\000t\000h\000e\000\040\000S\000i\000g\000n\000a\000l}{section.6.7}% 96
\BOOKMARK [2][-]{subsection.6.7.3}{\376\377\0006\000.\0007\000.\0003\000\040\000T\000h\000e\000\040\000C\000l\000a\000s\000s\000i\000f\000i\000c\000a\000t\000i\000o\000n\000-\000t\000o\000-\000R\000e\000g\000r\000e\000s\000s\000i\000o\000n\000\040\000T\000r\000a\000n\000s\000i\000t\000i\000o\000n}{section.6.7}% 97
\BOOKMARK [2][-]{subsection.6.7.4}{\376\377\0006\000.\0007\000.\0004\000\040\000C\000a\000r\000e\000n\000R\000\040\000V\000a\000r\000i\000a\000n\000t\000\040\000P\000r\000o\000l\000i\000f\000e\000r\000a\000t\000i\000o\000n\000:\000\040\000W\000h\000y\000\040\0001\0001\000\040\000V\000a\000r\000i\000a\000n\000t\000s\000?}{section.6.7}% 98
\BOOKMARK [2][-]{subsection.6.7.5}{\376\377\0006\000.\0007\000.\0005\000\040\000L\000i\000m\000i\000t\000a\000t\000i\000o\000n\000s\000\040\000A\000c\000k\000n\000o\000w\000l\000e\000d\000g\000e\000d\000\040\000D\000u\000r\000i\000n\000g\000\040\000D\000e\000v\000e\000l\000o\000p\000m\000e\000n\000t}{section.6.7}% 99
\BOOKMARK [0][-]{chapter.7}{\376\377\0007\000\040\000C\000o\000n\000c\000l\000u\000s\000i\000o\000n\000s}{}% 100
\BOOKMARK [1][-]{section.7.1}{\376\377\0007\000.\0001\000\040\000S\000u\000m\000m\000a\000r\000y\000\040\000o\000f\000\040\000F\000i\000n\000d\000i\000n\000g\000s}{chapter.7}% 101
\BOOKMARK [1][-]{section.7.2}{\376\377\0007\000.\0002\000\040\000C\000o\000n\000t\000r\000i\000b\000u\000t\000i\000o\000n\000s}{chapter.7}% 102
\BOOKMARK [1][-]{section.7.3}{\376\377\0007\000.\0003\000\040\000L\000i\000m\000i\000t\000a\000t\000i\000o\000n\000s}{chapter.7}% 103
\BOOKMARK [1][-]{section.7.4}{\376\377\0007\000.\0004\000\040\000F\000u\000t\000u\000r\000e\000\040\000W\000o\000r\000k}{chapter.7}% 104
\BOOKMARK [1][-]{section.7.5}{\376\377\0007\000.\0005\000\040\000C\000l\000o\000s\000i\000n\000g\000\040\000S\000t\000a\000t\000e\000m\000e\000n\000t}{chapter.7}% 105
\BOOKMARK [0][-]{section*.56}{\376\377\000R\000e\000f\000e\000r\000e\000n\000c\000e\000s}{}% 106
\BOOKMARK [0][-]{appendix.A}{\376\377\000A\000\040\000C\000o\000m\000p\000l\000e\000t\000e\000\040\000R\000u\000l\000e\000\040\000L\000i\000s\000t\000i\000n\000g\000s}{}% 107
\BOOKMARK [1][-]{section.A.1}{\376\377\000A\000.\0001\000\040\000T\000o\000p\000\040\0001\0000\000\040\000C\000a\000r\000e\000n\000R\000\040\000R\000u\000l\000e\000s\000\040\000p\000e\000r\000\040\000R\000e\000g\000i\000o\000n}{appendix.A}% 108
\BOOKMARK [1][-]{section.A.2}{\376\377\000A\000.\0002\000\040\000C\000a\000r\000e\000n\000R\000\040\040\024\000\040\000D\000o\000u\000r\000o\000\040\000R\000e\000g\000i\000o\000n\000\040\000\050\000R\000D\000D\000\051\000:\000\040\0004\0008\000\040\000R\000u\000l\000e\000s}{appendix.A}% 109
\BOOKMARK [1][-]{section.A.3}{\376\377\000A\000.\0003\000\040\000C\000a\000r\000e\000n\000R\000\040\040\024\000\040\000V\000i\000n\000h\000o\000\040\000V\000e\000r\000d\000e\000\040\000R\000e\000g\000i\000o\000n\000\040\000\050\000R\000V\000V\000\051\000:\000\040\0002\0000\000\040\000R\000u\000l\000e\000s}{appendix.A}% 110
\BOOKMARK [1][-]{section.A.4}{\376\377\000A\000.\0004\000\040\000R\000I\000P\000P\000E\000R\000\040\000C\000l\000a\000s\000s\000i\000f\000i\000c\000a\000t\000i\000o\000n\000\040\000R\000u\000l\000e\000s\000:\000\040\000B\000o\000t\000h\000\040\000R\000e\000g\000i\000o\000n\000s}{appendix.A}% 111
\BOOKMARK [1][-]{section.A.5}{\376\377\000A\000.\0005\000\040\000M\0005\000R\000u\000l\000e\000s\000\040\000P\000i\000e\000c\000e\000w\000i\000s\000e\000\040\000L\000i\000n\000e\000a\000r\000\040\000R\000u\000l\000e\000s\000:\000\040\000B\000o\000t\000h\000\040\000R\000e\000g\000i\000o\000n\000s}{appendix.A}% 112
\BOOKMARK [2][-]{subsection.A.5.1}{\376\377\000A\000.\0005\000.\0001\000\040\000R\000D\000D\000:\000\040\0002\000\040\000R\000u\000l\000e\000s}{section.A.5}% 113
\BOOKMARK [2][-]{subsection.A.5.2}{\376\377\000A\000.\0005\000.\0002\000\040\000R\000V\000V\000:\000\040\0003\000\040\000R\000u\000l\000e\000s}{section.A.5}% 114
\BOOKMARK [0][-]{appendix.B}{\376\377\000B\000\040\000E\000x\000p\000l\000o\000r\000a\000t\000o\000r\000y\000\040\000D\000a\000t\000a\000\040\000A\000n\000a\000l\000y\000s\000i\000s}{}% 115
\BOOKMARK [1][-]{section.B.1}{\376\377\000B\000.\0001\000\040\000W\000i\000n\000e\000\040\000P\000r\000o\000d\000u\000c\000t\000i\000o\000n\000:\000\040\000D\000e\000s\000c\000r\000i\000p\000t\000i\000v\000e\000\040\000S\000t\000a\000t\000i\000s\000t\000i\000c\000s\000\040\000a\000n\000d\000\040\000T\000r\000e\000n\000d\000s}{appendix.B}% 116
\BOOKMARK [2][-]{subsection.B.1.1}{\376\377\000B\000.\0001\000.\0001\000\040\000D\000e\000c\000a\000d\000e\000-\000L\000e\000v\000e\000l\000\040\000P\000r\000o\000d\000u\000c\000t\000i\000o\000n\000\040\000A\000v\000e\000r\000a\000g\000e\000s}{section.B.1}% 117
\BOOKMARK [1][-]{section.B.2}{\376\377\000B\000.\0002\000\040\000P\000h\000e\000n\000o\000l\000o\000g\000i\000c\000a\000l\000\040\000T\000i\000m\000i\000n\000g\000:\000\040\000T\000r\000e\000n\000d\000s\000\040\000a\000n\000d\000\040\000V\000a\000r\000i\000a\000b\000i\000l\000i\000t\000y}{appendix.B}% 118
\BOOKMARK [2][-]{subsection.B.2.1}{\376\377\000B\000.\0002\000.\0001\000\040\000G\000r\000o\000w\000i\000n\000g\000\040\000S\000e\000a\000s\000o\000n\000\040\000D\000u\000r\000a\000t\000i\000o\000n}{section.B.2}% 119
\BOOKMARK [1][-]{section.B.3}{\376\377\000B\000.\0003\000\040\000F\000e\000a\000t\000u\000r\000e\000\040\000C\000o\000r\000r\000e\000l\000a\000t\000i\000o\000n\000s\000\040\000w\000i\000t\000h\000\040\000P\000r\000o\000d\000u\000c\000t\000i\000o\000n}{appendix.B}% 120
\BOOKMARK [1][-]{section.B.4}{\376\377\000B\000.\0004\000\040\000F\000e\000a\000t\000u\000r\000e\000\040\000D\000r\000i\000f\000t\000:\000\040\000T\000h\000e\000\040\000E\000r\000a\000\040\000C\000o\000n\000f\000o\000u\000n\000d\000\040\000Q\000u\000a\000n\000t\000i\000f\000i\000e\000d}{appendix.B}% 121
\BOOKMARK [1][-]{section.B.5}{\376\377\000B\000.\0005\000\040\000E\000x\000p\000e\000r\000i\000m\000e\000n\000t\000\040\000P\000i\000p\000e\000l\000i\000n\000e}{appendix.B}% 122
\BOOKMARK [0][-]{appendix.C}{\376\377\000C\000\040\000C\000o\000m\000p\000l\000e\000t\000e\000\040\000F\000e\000a\000t\000u\000r\000e\000\040\000R\000e\000f\000e\000r\000e\000n\000c\000e}{}% 123
\BOOKMARK [1][-]{section.C.1}{\376\377\000C\000.\0001\000\040\000T\000e\000m\000p\000e\000r\000a\000t\000u\000r\000e\000\040\000F\000e\000a\000t\000u\000r\000e\000s\000\040\000\050\0001\0003\000\040\000f\000e\000a\000t\000u\000r\000e\000s\000\051}{appendix.C}% 124
\BOOKMARK [1][-]{section.C.2}{\376\377\000C\000.\0002\000\040\000C\000o\000l\000d\000\040\000a\000n\000d\000\040\000F\000r\000o\000s\000t\000\040\000D\000a\000y\000\040\000F\000e\000a\000t\000u\000r\000e\000s\000\040\000\050\0005\000\040\000f\000e\000a\000t\000u\000r\000e\000s\000\051}{appendix.C}% 125
\BOOKMARK [1][-]{section.C.3}{\376\377\000C\000.\0003\000\040\000H\000e\000a\000t\000\040\000S\000t\000r\000e\000s\000s\000\040\000D\000a\000y\000\040\000F\000e\000a\000t\000u\000r\000e\000s\000\040\000\050\0004\000\040\000f\000e\000a\000t\000u\000r\000e\000s\000\051}{appendix.C}% 126
\BOOKMARK [1][-]{section.C.4}{\376\377\000C\000.\0004\000\040\000R\000a\000i\000n\000f\000a\000l\000l\000\040\000F\000e\000a\000t\000u\000r\000e\000s\000\040\000\050\0008\000\040\000f\000e\000a\000t\000u\000r\000e\000s\000\051}{appendix.C}% 127
\BOOKMARK [1][-]{section.C.5}{\376\377\000C\000.\0005\000\040\000L\000e\000a\000f\000\040\000A\000r\000e\000a\000\040\000I\000n\000d\000e\000x\000\040\000\050\000L\000A\000I\000\051\000\040\000F\000e\000a\000t\000u\000r\000e\000s\000\040\000\050\0001\0000\000\040\000f\000e\000a\000t\000u\000r\000e\000s\000\051}{appendix.C}% 128
\BOOKMARK [1][-]{section.C.6}{\376\377\000C\000.\0006\000\040\000S\000o\000i\000l\000\040\000W\000a\000t\000e\000r\000\040\000F\000e\000a\000t\000u\000r\000e\000s\000\040\000\050\0001\0008\000\040\000f\000e\000a\000t\000u\000r\000e\000s\000\051}{appendix.C}% 129
\BOOKMARK [0][-]{appendix.D}{\376\377\000D\000\040\000F\000e\000a\000t\000u\000r\000e\000\040\000C\000o\000v\000e\000r\000a\000g\000e\000\040\000M\000a\000p}{}% 130
\BOOKMARK [0][-]{appendix.E}{\376\377\000E\000\040\000A\000I\000\040\000U\000s\000e\000\040\000T\000r\000a\000n\000s\000p\000a\000r\000e\000n\000c\000y\000\040\000S\000t\000a\000t\000e\000m\000e\000n\000t}{}% 131
\BOOKMARK [1][-]{section.E.1}{\376\377\000E\000.\0001\000\040\000O\000v\000e\000r\000v\000i\000e\000w\000\040\000o\000f\000\040\000A\000I\000\040\000U\000s\000e}{appendix.E}% 132
\BOOKMARK [1][-]{section.E.2}{\376\377\000E\000.\0002\000\040\000W\000r\000i\000t\000i\000n\000g\000\040\000S\000u\000p\000p\000o\000r\000t\000\040\040\024\000\040\000A\000l\000l\000\040\000C\000h\000a\000p\000t\000e\000r\000s}{appendix.E}% 133
\BOOKMARK [1][-]{section.E.3}{\376\377\000E\000.\0003\000\040\000S\000u\000b\000s\000t\000a\000n\000t\000i\000v\000e\000\040\000C\000o\000n\000t\000e\000n\000t\000\040\000R\000e\000v\000i\000s\000i\000o\000n}{appendix.E}% 134
\BOOKMARK [2][-]{subsection.E.3.1}{\376\377\000E\000.\0003\000.\0001\000\040\000C\000h\000a\000p\000t\000e\000r\000\040\0003\000\040\040\024\000\040\000M\000e\000t\000h\000o\000d\000s\000:\000\040\000C\000a\000r\000e\000n\000R\000\137\000S\000u\000p\000e\000r\000v\000i\000s\000e\000d\000\040\000D\000e\000s\000c\000r\000i\000p\000t\000i\000o\000n}{section.E.3}% 135
\BOOKMARK [2][-]{subsection.E.3.2}{\376\377\000E\000.\0003\000.\0002\000\040\000C\000h\000a\000p\000t\000e\000r\000\040\0003\000\040\040\024\000\040\000M\000e\000t\000h\000o\000d\000s\000:\000\040\000T\000a\000b\000l\000e\000\040\0003\000.\0003\000\040\000N\000e\000w\000\040\000R\000o\000w}{section.E.3}% 136
\BOOKMARK [2][-]{subsection.E.3.3}{\376\377\000E\000.\0003\000.\0003\000\040\000C\000h\000a\000p\000t\000e\000r\000\040\0005\000\040\040\024\000\040\000P\000r\000e\000d\000i\000c\000t\000i\000o\000n\000:\000\040\000T\000e\000s\000t\000\040\000P\000e\000r\000i\000o\000d\000\040\000T\000a\000b\000l\000e\000\040\000C\000o\000r\000r\000e\000c\000t\000i\000o\000n\000s}{section.E.3}% 137
\BOOKMARK [2][-]{subsection.E.3.4}{\376\377\000E\000.\0003\000.\0004\000\040\000C\000h\000a\000p\000t\000e\000r\000\040\0005\000\040\040\024\000\040\000P\000r\000e\000d\000i\000c\000t\000i\000o\000n\000:\000\040\000B\000o\000l\000d\000\040\000L\000a\000b\000e\000l\000\040\000P\000a\000r\000a\000g\000r\000a\000p\000h\000s}{section.E.3}% 138
\BOOKMARK [1][-]{section.E.4}{\376\377\000E\000.\0004\000\040\000C\000o\000d\000e\000\040\000G\000e\000n\000e\000r\000a\000t\000i\000o\000n}{appendix.E}% 139
\BOOKMARK [1][-]{section.E.5}{\376\377\000E\000.\0005\000\040\000N\000u\000m\000e\000r\000i\000c\000a\000l\000\040\000V\000e\000r\000i\000f\000i\000c\000a\000t\000i\000o\000n\000\040\000P\000r\000o\000c\000e\000s\000s}{appendix.E}% 140
\BOOKMARK [1][-]{section.E.6}{\376\377\000E\000.\0006\000\040\000S\000t\000u\000d\000e\000n\000t\000\040\000R\000e\000s\000p\000o\000n\000s\000i\000b\000i\000l\000i\000t\000y\000\040\000D\000e\000c\000l\000a\000r\000a\000t\000i\000o\000n}{appendix.E}% 141
