\BOOKMARK [0][-]{init.0}{Front Page}{}% 1
\BOOKMARK [0][-]{contents.0}{Table of Contents}{}% 2
\BOOKMARK [0][-]{figures.0}{List of Figures}{}% 3
\BOOKMARK [0][-]{tables.0}{List of Tables}{}% 4
\BOOKMARK [0][-]{chapter.1}{1 Introduction}{}% 5
\BOOKMARK [1][-]{section.1.1}{1.1 A Section}{chapter.1}% 6
\BOOKMARK [1][-]{section.1.2}{1.2 Another Section}{chapter.1}% 7
\BOOKMARK [1][-]{section.1.3}{1.3 Yet Another Section}{chapter.1}% 8
\BOOKMARK [1][-]{section.1.4}{1.4 Summary}{chapter.1}% 9
\BOOKMARK [0][-]{chapter.2}{2 A Chapter}{}% 10
\BOOKMARK [1][-]{section.2.1}{2.1 Introduction}{chapter.2}% 11
\BOOKMARK [1][-]{section.2.2}{2.2 A Section}{chapter.2}% 12
\BOOKMARK [2][-]{subsection.2.2.1}{2.2.1 A Subsection}{section.2.2}% 13
\BOOKMARK [1][-]{section.2.3}{2.3 Another Section}{chapter.2}% 14
\BOOKMARK [1][-]{section.2.4}{2.4 Summary}{chapter.2}% 15
\BOOKMARK [0][-]{chapter.3}{3 Another Chapter}{}% 16
\BOOKMARK [1][-]{section.3.1}{3.1 A Section with an Equation}{chapter.3}% 17
\BOOKMARK [2][-]{subsection.3.1.1}{3.1.1 A Subsection with a Figure}{section.3.1}% 18
\BOOKMARK [2][-]{subsection.3.1.2}{3.1.2 Another subsection with Tables}{section.3.1}% 19
\BOOKMARK [1][-]{section.3.2}{3.2 Yet Another Section}{chapter.3}% 20
\BOOKMARK [1][-]{section.3.3}{3.3 Summary}{chapter.3}% 21
\BOOKMARK [0][-]{chapter.4}{4 Conclusions and Future Work}{}% 22
\BOOKMARK [1][-]{section.4.1}{4.1 Results}{chapter.4}% 23
\BOOKMARK [1][-]{section.4.2}{4.2 Further Work}{chapter.4}% 24
\BOOKMARK [0][-]{appendix.A}{A Loren Ipsum}{}% 25
\BOOKMARK [1][-]{section.A.1}{A.1 What is Loren Ipsum?}{appendix.A}% 26
\BOOKMARK [1][-]{section.A.2}{A.2 Where does Loren come from?}{appendix.A}% 27
\BOOKMARK [1][-]{section.A.3}{A.3 Why using Loren?}{appendix.A}% 28
\BOOKMARK [1][-]{section.A.4}{A.4 Where to Find Examples?}{appendix.A}% 29
